// Jest Snapshot v1, https://goo.gl/fbAQLP

exports[`Profile Component Snapshot matches snapshot 1`] = `
<div>
  <div
    data-testid="mock-layout"
    data-title="Your Profile"
  >
    <div
      class="container-fluid m-3 p-3"
    >
      <div
        class="row"
      >
        <div
          class="col-md-3"
        >
          <div
            data-testid="mock-user-menu"
          >
            User Menu
          </div>
        </div>
        <div
          class="col-md-9"
        >
          <div
            class="form-container "
          >
            <form>
              <h4
                class="title"
              >
                USER PROFILE
              </h4>
              <div
                class="mb-3"
              >
                <input
                  class="form-control"
                  id="exampleInputEmail1"
                  placeholder="Enter Your Name"
                  required=""
                  type="text"
                  value="John Doe"
                />
              </div>
              <div
                class="mb-3"
              >
                <input
                  class="form-control"
                  disabled=""
                  id="exampleInputEmail1"
                  placeholder="Enter Your Email "
                  type="email"
                  value="john@example.com"
                />
              </div>
              <div
                class="mb-3"
              >
                <input
                  class="form-control"
                  id="exampleInputPassword1"
                  placeholder="Enter Your Password"
                  type="password"
                  value=""
                />
              </div>
              <div
                class="mb-3"
              >
                <input
                  class="form-control"
                  id="exampleInputEmail1"
                  placeholder="Enter Your Phone"
                  required=""
                  type="text"
                  value="1234567890"
                />
              </div>
              <div
                class="mb-3"
              >
                <input
                  class="form-control"
                  id="exampleInputEmail1"
                  placeholder="Enter Your Address"
                  required=""
                  type="text"
                  value="123 Test Street"
                />
              </div>
              <button
                class="btn btn-primary"
                type="submit"
              >
                UPDATE
              </button>
            </form>
          </div>
        </div>
      </div>
    </div>
  </div>
</div>
`;
