// Jest Snapshot v1, https://goo.gl/fbAQLP

exports[`AdminDashboard Component Snapshot matches snapshot 1`] = `
<div>
  <div
    data-testid="mock-layout"
  >
    <div
      class="container-fluid m-3 p-3"
    >
      <div
        class="row"
      >
        <div
          class="col-md-3"
        >
          <div
            data-testid="mock-admin-menu"
          >
            Admin Menu
          </div>
        </div>
        <div
          class="col-md-9"
        >
          <div
            class="card w-75 p-3"
          >
            <h3>
               Admin Name : 
              Nadya Yuki
            </h3>
            <h3>
               Admin Email : 
              yukiwuki@gmail.com
            </h3>
            <h3>
               Admin Contact : 
              12345678
            </h3>
          </div>
        </div>
      </div>
    </div>
  </div>
</div>
`;
