// Jest Snapshot v1, https://goo.gl/fbAQLP

exports[`CreateProduct Component Snapshot matches snapshot 1`] = `
<div>
  <div
    data-testid="mock-layout"
    data-title="Dashboard - Create Product"
  >
    <div
      class="container-fluid m-3 p-3"
    >
      <div
        class="row"
      >
        <div
          class="col-md-3"
        >
          <div
            data-testid="mock-adminmenu"
          >
            Admin Menu
          </div>
        </div>
        <div
          class="col-md-9"
        >
          <h1>
            Create Product
          </h1>
          <div
            class="m-1 w-75"
          >
            <div
              class="ant-select ant-select-lg form-select mb-3 css-dev-only-do-not-override-tjsggz ant-select-single ant-select-show-arrow ant-select-show-search"
            >
              <div
                class="ant-select-selector"
              >
                <span
                  class="ant-select-selection-wrap"
                >
                  <span
                    class="ant-select-selection-search"
                  >
                    <input
                      aria-autocomplete="list"
                      aria-controls="rc_select_TEST_OR_SSR_list"
                      aria-expanded="false"
                      aria-haspopup="listbox"
                      aria-owns="rc_select_TEST_OR_SSR_list"
                      autocomplete="off"
                      class="ant-select-selection-search-input"
                      id="rc_select_TEST_OR_SSR"
                      role="combobox"
                      type="search"
                      value=""
                    />
                  </span>
                  <span
                    class="ant-select-selection-placeholder"
                  >
                    Select a Category
                  </span>
                </span>
              </div>
              <span
                aria-hidden="true"
                class="ant-select-arrow"
                style="user-select: none;"
                unselectable="on"
              >
                <span
                  aria-label="down"
                  class="anticon anticon-down ant-select-suffix"
                  role="img"
                >
                  <svg
                    aria-hidden="true"
                    data-icon="down"
                    fill="currentColor"
                    focusable="false"
                    height="1em"
                    viewBox="64 64 896 896"
                    width="1em"
                  >
                    <path
                      d="M884 256h-75c-5.1 0-9.9 2.5-12.9 6.6L512 654.2 227.9 262.6c-3-4.1-7.8-6.6-12.9-6.6h-75c-6.5 0-10.3 7.4-6.5 12.7l352.6 486.1c12.8 17.6 39 17.6 51.7 0l352.6-486.1c3.9-5.3.1-12.7-6.4-12.7z"
                    />
                  </svg>
                </span>
              </span>
            </div>
            <div
              class="mb-3"
            >
              <label
                class="btn btn-outline-secondary col-md-12"
              >
                Upload Photo
                <input
                  accept="image/*"
                  hidden=""
                  name="photo"
                  type="file"
                />
              </label>
            </div>
            <div
              class="mb-3"
            />
            <div
              class="mb-3"
            >
              <input
                class="form-control"
                placeholder="Write a Name"
                type="text"
                value=""
              />
            </div>
            <div
              class="mb-3"
            >
              <textarea
                class="form-control"
                placeholder="Write a Description"
                type="text"
              />
            </div>
            <div
              class="mb-3"
            >
              <input
                class="form-control"
                placeholder="Write a Price"
                type="number"
                value=""
              />
            </div>
            <div
              class="mb-3"
            >
              <input
                class="form-control"
                placeholder="Write a Quantity"
                type="number"
                value=""
              />
            </div>
            <div
              class="mb-3"
            >
              <div
                class="ant-select ant-select-lg form-select mb-3 css-dev-only-do-not-override-tjsggz ant-select-single ant-select-show-arrow ant-select-show-search"
              >
                <div
                  class="ant-select-selector"
                >
                  <span
                    class="ant-select-selection-wrap"
                  >
                    <span
                      class="ant-select-selection-search"
                    >
                      <input
                        aria-autocomplete="list"
                        aria-controls="rc_select_TEST_OR_SSR_list"
                        aria-expanded="false"
                        aria-haspopup="listbox"
                        aria-owns="rc_select_TEST_OR_SSR_list"
                        autocomplete="off"
                        class="ant-select-selection-search-input"
                        id="rc_select_TEST_OR_SSR"
                        role="combobox"
                        type="search"
                        value=""
                      />
                    </span>
                    <span
                      class="ant-select-selection-placeholder"
                    >
                      Select Shipping
                    </span>
                  </span>
                </div>
                <span
                  aria-hidden="true"
                  class="ant-select-arrow"
                  style="user-select: none;"
                  unselectable="on"
                >
                  <span
                    aria-label="down"
                    class="anticon anticon-down ant-select-suffix"
                    role="img"
                  >
                    <svg
                      aria-hidden="true"
                      data-icon="down"
                      fill="currentColor"
                      focusable="false"
                      height="1em"
                      viewBox="64 64 896 896"
                      width="1em"
                    >
                      <path
                        d="M884 256h-75c-5.1 0-9.9 2.5-12.9 6.6L512 654.2 227.9 262.6c-3-4.1-7.8-6.6-12.9-6.6h-75c-6.5 0-10.3 7.4-6.5 12.7l352.6 486.1c12.8 17.6 39 17.6 51.7 0l352.6-486.1c3.9-5.3.1-12.7-6.4-12.7z"
                      />
                    </svg>
                  </span>
                </span>
              </div>
            </div>
            <div
              class="mb-3"
            >
              <button
                class="btn btn-primary"
              >
                CREATE PRODUCT
              </button>
            </div>
          </div>
        </div>
      </div>
    </div>
  </div>
</div>
`;
