// Jest Snapshot v1, https://goo.gl/fbAQLP

exports[`Products Component matches the snapshot 1`] = `
<div>
  <div
    data-testid="layout"
  >
    <div
      class="row"
    >
      <div
        class="col-md-3"
      >
        <div
          data-testid="admin-menu"
        >
          Admin Menu
        </div>
      </div>
      <div
        class="col-md-9 "
      >
        <h1
          class="text-center"
        >
          All Products List
        </h1>
        <div
          class="d-flex"
        />
      </div>
    </div>
  </div>
</div>
`;
