// Jest Snapshot v1, https://goo.gl/fbAQLP

exports[`Users Component Snapshot matches snapshot 1`] = `
<div>
  <div
    data-testid="mock-layout"
    data-title="Dashboard - All Users"
  >
    <div
      class="container-fluid m-3 p-3"
    >
      <div
        class="row"
      >
        <div
          class="col-md-3"
        >
          <div
            data-testid="mock-admin-menu"
          >
            Admin Menu
          </div>
        </div>
        <div
          class="col-md-9"
        >
          <h1>
            All Users
          </h1>
        </div>
      </div>
    </div>
  </div>
</div>
`;
