// Jest Snapshot v1, https://goo.gl/fbAQLP

exports[`Contact Component Snapshot matches snapshot 1`] = `
<div>
  <div
    data-testid="mock-layout"
    data-title="Contact us"
  >
    <div
      class="row contactus "
    >
      <div
        class="col-md-6 "
      >
        <img
          alt="contactus"
          src="/images/contactus.jpeg"
          style="width: 100%;"
        />
      </div>
      <div
        class="col-md-4"
      >
        <h1
          class="bg-dark p-2 text-white text-center"
        >
          CONTACT US
        </h1>
        <p
          class="text-justify mt-2"
        >
          For any query or info about product, feel free to call anytime. We are available 24X7.
        </p>
        <p
          class="mt-3"
        >
          <span
            data-testid="mail-icon"
          >
            Mail Icon
          </span>
           : www.help@ecommerceapp.com
        </p>
        <p
          class="mt-3"
        >
          <span
            data-testid="phone-icon"
          >
            Phone Icon
          </span>
           : 012-3456789
        </p>
        <p
          class="mt-3"
        >
          <span
            data-testid="support-icon"
          >
            Support Icon
          </span>
           : 1800-0000-0000 (toll free)
        </p>
      </div>
    </div>
  </div>
</div>
`;
